
  ========================================================================
                license information 
 Customer : 200000000137441
 ID       : LKO2933384

 License file is VALID, continuing with full version
  ========================================================================

   OpenMP run-time library returned nthreads = 10

 dscf (manganese.itc.univie.ac.at) : TURBOMOLE rev. V7-8-1 compiled 23 Jan 2024 at 17:35:01
 Copyright (C) 2024 TURBOMOLE GmbH, Karlsruhe


    2024-11-15 15:13:29.380 



                             d s c f - program

                   idea & directorship : reinhart ahlrichs
                   program development : marco haeser
                                         michael baer
                           dft version : oliver treutler


                          quantum chemistry group
                          universitaet  karlsruhe
                                  germany



   *-----------------------------------------------------------------------*
   |                     program will use 10 thread(s)                     |
   *-----------------------------------------------------------------------*


              +--------------------------------------------------+
              | Atomic coordinate, charge and isotop information |
              +--------------------------------------------------+

                    atomic coordinates            atom    charge  isotop
          0.00000000    0.00000000    0.05813153    c      6.000     0
          0.00000000    0.37794522    3.10833654    s     16.000     0
          1.75565858    0.00000000   -1.05316586    h      1.000     0
         -1.75565858    0.00000000   -1.05316586    h      1.000     0
 
       center of nuclear mass  :    0.00000000    0.26292361    2.13144906
       center of nuclear charge:    0.00000000    0.25196348    1.99899342

   *************************************************************************
   title: SHARC-TURBOMOLE run                                               
   *************************************************************************



              +--------------------------------------------------+
              |               basis set information              |
              +--------------------------------------------------+

              we will work with the 1s 3p 5d 7f 9g ... basis set
              ...i.e. with spherical basis functions...

   type   atoms  prim   cont   basis
   ---------------------------------------------------------------------------
    c        1     24     14   def2-SVP   [3s2p1d|7s4p1d]
    s        1     36     18   def2-SVP   [4s3p1d|10s7p1d]
    h        2      7      5   def2-SVP   [2s1p|4s1p]
   ---------------------------------------------------------------------------
   total:    4     74     42
   ---------------------------------------------------------------------------

   total number of primitive shells          :   35
   total number of contracted shells         :   20
   total number of cartesian basis functions :   44
   total number of SCF-basis functions       :   42


 integral neglect threshold       :  0.76E-10
 integral storage threshold THIZE :  0.10E-04
 integral storage threshold THIME :         5


 DENSITY CONVERGENCE CHECK SWITCHED ON !
 SCF CONVERGENCE IF RMS(delta[D]) <     0.1000000000E-06


 symmetry group of the molecule :   c1 

 the group has the following generators :
   c1(z)

    1 symmetry operations found

 there are 1 real representations :   a   

 maximum number of shells which are related by symmetry :  1


          ------------------------
          nuclear repulsion energy  :   44.3546899486    
          ------------------------


         -----------------
         -S,T+V- integrals
         -----------------

 1e-integrals will be neglected if expon. factor < 0.759537E-11
 
 Difference densities algorithm switched on.
 The maximal number of linear combinations of
 difference densities is  20.

 DIIS switched on: error vector is FDS-SDF
 Max. Iterations for DIIS is     :   5
 DIIS matrix (see manual) 
    Scaling factor of diagonals  :  1.200
    threshold for scaling factor :  0.000

 scf convergence criterion : increment of total energy < .1000000D-06
                  and increment of one-electron energy < .1000000D-03

 MOs are in ASCII format !


    mo occupation :
   irrep   mo's   occupied
    a       42       12
 
 number of basis functions   :    42
 number of occupied orbitals :    12
 

 reading orbital data $scfmo  from file mos
 orbital characterization : scfconv=7
 mo-orthogonalization by Cholesky decomposition

 automatic virtual orbital shift switched on 
      shift if e(lumo)-e(homo) < 0.10000000    


 dump of DSCF restart information has been disabled !

 
                                              current damping :  0.300
 ITERATION  ENERGY          1e-ENERGY        2e-ENERGY     RMS[dD(SAO)]   TOL
   1  -436.36616564865    -689.69172630     208.97087071    0.000D+00 0.758D-10
          max. resid. norm for Fia-block=  1.209D-06 for orbital     10a         
          max. resid. fock norm         =  1.276D-06 for orbital     10a         
          Delta Eig. =     0.0000000817 eV 
 
                                              current damping :  0.300
 ITERATION  ENERGY          1e-ENERGY        2e-ENERGY     RMS[dD(SAO)]   TOL
   2  -436.36616564908    -689.69172690     208.97087130    0.148D-06 0.480D-10
          Norm of current diis error: 0.28974E-05
          max. resid. norm for Fia-block=  8.682D-07 for orbital     10a         
          max. resid. fock norm         =  8.805D-07 for orbital     10a         
          Delta Eig. =     0.0000245618 eV 

 ENERGY & DENSITY CONVERGED !

 
                                              current damping :  0.350
 ITERATION  ENERGY          1e-ENERGY        2e-ENERGY     RMS[dD(SAO)]   TOL
   3  -436.36616564869    -689.69172612     208.97087052    0.108D-06 0.348D-10
          max. resid. norm for Fia-block=  4.707D-07 for orbital     10a         
          max. resid. fock norm         =  4.957D-07 for orbital     10a         

 convergence criteria satisfied after     3 iterations


   *************************************************************************
   title: SHARC-TURBOMOLE run                                               
   *************************************************************************


                  ------------------------------------------ 
                 |  total energy      =   -436.36616564869  |
                  ------------------------------------------ 
                 :  kinetic energy    =    436.06895513871  :
                 :  potential energy  =   -872.43512078740  :
                 :  virial theorem    =      1.99931889653  :
                 :  wavefunction norm =      1.00000000000  :
                  .......................................... 


 <geterg> : there is no data group $energy 


 <skperg> : $end is missing 


 orbitals $scfmo  will be written to file mos

    irrep                  8a          9a         10a         11a         12a   
 eigenvalues H         -0.80292    -0.63513    -0.53479    -0.41114    -0.34782
            eV         -21.8487    -17.2828    -14.5524    -11.1879     -9.4648
 occupation              2.0000      2.0000      2.0000      2.0000      2.0000

    irrep                 13a         14a         15a         16a         17a   
 eigenvalues H          0.05365     0.18950     0.23592     0.33133     0.50049
            eV           1.4598      5.1565      6.4198      9.0160     13.6191
 
 
 
 
 ==============================================================================
                           electrostatic moments
 ==============================================================================

 reference point for electrostatic moments:    0.00000   0.00000   0.00000

 
              nuc           elec       ->  total
 ------------------------------------------------------------------------------
                          charge      
 ------------------------------------------------------------------------------
          24.000000     -24.000000      -0.000000
 
 ------------------------------------------------------------------------------
                       dipole moment  
 ------------------------------------------------------------------------------
   x       0.000000       0.000000       0.000000
   y       6.047124      -6.105036      -0.057913
   z      47.975842     -48.794250      -0.818408
 
   | dipole moment | =     0.8205 a.u. =     2.0854 debye 
 
 ------------------------------------------------------------------------------
                     quadrupole moment
 ------------------------------------------------------------------------------
  xx       6.164674     -21.186749     -15.022075
  yy       2.285481     -16.995739     -14.710258
  zz     156.826689    -172.804892     -15.978202
  xy       0.000000       0.000000       0.000000
  xz       0.000000      -0.000000      -0.000000
  yz      18.796495     -18.951566      -0.155071
 
     1/3  trace=     -15.236845
     anisotropy=       1.175452
 
 ==============================================================================
 
 Generating MKL output file "soc.mkl"...
 Generation of MKL output finished.
HOMO-LUMO Separation
 HOMO         :   -0.34782092 H =     -9.46469 eV
 LUMO         :    0.05364705 H =     +1.45981 eV
 HOMO-LUMO gap:    0.40146797 H =    +10.92451 eV
 
 ==============================================================================


    ------------------------------------------------------------------------
         total  cpu-time :   1.22 seconds
         total wall-time :   0.17 seconds
    ------------------------------------------------------------------------

   ****  dscf : all done  ****


    2024-11-15 15:13:29.508 

