#                    1                    2                    3                    4                    5                    6                    7                    8                    9                   10
#               Time |           Sum c**2 |  === coeff_diab ===>
#               [fs] |                 [] |                 [] |
   0.000000000000E+000  1.000000000000E+000  0.000000000000E+000  1.000000000000E+000  0.000000000000E+000  0.000000000000E+000
   5.000000000000E-001  1.000000000000E+000  7.221925737227E-006  9.999928046706E-001  0.000000000000E+000  0.000000000000E+000
   1.000000000000E+000  1.000000000000E+000  2.595758356689E-005  9.999740196572E-001  0.000000000000E+000  0.000000000000E+000
