#                    1                    2                    3                    4                    5                    6                    7                    8                    9                   10
#               Time |           Sum c**2 |  === coeff_diab ===>
#               [fs] |                 [] |                 [] |
   0.000000000000E+000  1.000000000000E+000  0.000000000000E+000  0.000000000000E+000  1.000000000000E+000  0.000000000000E+000  0.000000000000E+000  0.000000000000E+000  0.000000000000E+000  0.000000000000E+000
   5.000000000000E-001  1.000000000000E+000  5.381159418729E-004 -2.634554234740E-003 -2.239535397868E-001  9.745961120240E-001  0.000000000000E+000  0.000000000000E+000  0.000000000000E+000  0.000000000000E+000
   1.000000000000E+000  1.000000000000E+000  4.653455917503E-003  2.076147395281E-003 -9.076531021382E-001 -4.196902204471E-001  0.000000000000E+000  0.000000000000E+000  0.000000000000E+000  0.000000000000E+000
