#                    1                    2                    3                    4                    5                    6                    7                    8                    9                   10
#               Time |           Sum c**2 |  === coeff_diab ===>
#               [fs] |                 [] |                 [] |
   0.000000000000E+000  1.000000000000E+000  0.000000000000E+000  1.000000000000E+000  0.000000000000E+000  0.000000000000E+000
   5.000000000000E-001  1.000000000000E+000  6.881130502734E-006  9.999931454659E-001  0.000000000000E+000  0.000000000000E+000
   1.000000000000E+000  1.000000000000E+000  2.542842412367E-005  9.999745488167E-001  0.000000000000E+000  0.000000000000E+000
