#                    1                    2                    3                    4                    5                    6                    7                    8                    9                   10
#               Time |           Sum c**2 |  === coeff_diag ===>
#               [fs] |                 [] |                 [] |
   0.000000000000E+000  1.000000000000E+000  0.000000000000E+000  0.000000000000E+000  1.000000000000E+000  0.000000000000E+000  0.000000000000E+000  0.000000000000E+000  0.000000000000E+000  0.000000000000E+000
   5.000000000000E-001  1.000000000000E+000 -4.935879223650E-005 -7.799353949170E-005 -2.239541808395E-001  9.745996697954E-001  0.000000000000E+000  0.000000000000E+000  0.000000000000E+000  0.000000000000E+000
   1.000000000000E+000  1.000000000000E+000  7.641042745830E-005 -4.023424230271E-005 -9.076650277688E-001 -4.196953536890E-001  0.000000000000E+000  0.000000000000E+000  0.000000000000E+000  0.000000000000E+000
