#                    1                    2                    3                    4                    5                    6                    7                    8
#               Time |               Ekin |               Epot |               Etot |      === Energy ===>
#               [fs] |               [eV] |               [eV] |               [eV] |               [eV] |
   0.000000000000E+000  4.021515095040E-001  1.416120773636E+001  1.456335924587E+001  8.178811681569E+000  1.416120773636E+001  1.438504859962E+001  1.473825239310E+001
   5.000000000000E-001  3.718782960686E-001  1.419254075509E+001  1.456441905116E+001  8.232213134544E+000  1.419254075509E+001  1.433398554080E+001  1.478852453665E+001
   1.000000000000E+000  3.569601889223E-001  1.421078023436E+001  1.456774042328E+001  8.287759424357E+000  1.421078023436E+001  1.428563875792E+001  1.484268304577E+001
