#                    1                    2                    3                    4                    5                    6                    7                    8                    9                   10                   11                   12                   13                   14                   15                   16
#               Time |               Ekin |               Epot |               Etot |  Energy          1 |  Energy          2 |  Energy          3 |  Energy          4 | Spin             1 | Spin             2 | Spin             3 | Spin             4 | f_osc            1 | f_osc            2 | f_osc            3 | f_osc            4 |
#               [fs] |               [eV] |               [eV] |               [eV] |               [eV] |               [eV] |               [eV] |               [eV] |                 [] |                 [] |                 [] |                 [] |                 [] |                 [] |                 [] |                 [] |
   0.000000000000E+000  4.021515095040E-001  1.416120773636E+001  1.456335924587E+001  8.178811681569E+000  1.416120773636E+001  1.438504859962E+001  1.473825239310E+001  0.000000000000E+000  0.000000000000E+000  0.000000000000E+000  0.000000000000E+000  0.000000000000E+000  2.746583966410E-001  4.016565879341E-002  7.025705017511E-002
   5.000000000000E-001  3.718782960686E-001  1.419254075509E+001  1.456441905116E+001  8.232213134544E+000  1.419254075509E+001  1.433398554080E+001  1.478852453665E+001  0.000000000000E+000  0.000000000000E+000  0.000000000000E+000  0.000000000000E+000  0.000000000000E+000  2.587682395365E-001  5.833489304374E-002  5.692295711347E-002
   1.000000000000E+000  3.569601889223E-001  1.421078023436E+001  1.456774042328E+001  8.287759424357E+000  1.421078023436E+001  1.428563875792E+001  1.484268304577E+001  0.000000000000E+000  0.000000000000E+000  0.000000000000E+000  0.000000000000E+000  0.000000000000E+000  2.076678842554E-001  1.048740327930E-001  4.865829828522E-002
