#                    1                    2                    3                    4                    5                    6                    7                    8                    9
#               Time |      dE          1 |      dE          2 |      dE          3 |      dE          4 | f_osc            1 | f_osc            2 | f_osc            3 | f_osc            4 |
#               [fs] |               [eV] |               [eV] |               [eV] |               [eV] |                 [] |                 [] |                 [] |                 [] |
   0.000000000000E+000  5.982396054794E+000  0.000000000000E+000  2.238408632595E-001  5.770446567324E-001 -2.746583966410E-001  0.000000000000E+000  0.000000000000E+000  0.000000000000E+000
   5.000000000000E-001  5.960327620549E+000  0.000000000000E+000  1.414447857066E-001  5.959837815596E-001 -2.587682395365E-001  0.000000000000E+000  0.000000000000E+000  0.000000000000E+000
   1.000000000000E+000  5.923020810005E+000  0.000000000000E+000  7.485852356271E-002  6.319028114043E-001 -2.076678842554E-001  0.000000000000E+000  0.000000000000E+000  0.000000000000E+000
