#                    1                    2                    3                    4                    5                    6
#               Time |      f_osc (state) |       === f_osc ===>
#               [fs] |                 [] |                 [] |
   0.000000000000E+000  2.746583966410E-001  0.000000000000E+000  2.746583966410E-001  4.016565879341E-002  7.025705017511E-002
   5.000000000000E-001  2.587682395365E-001  0.000000000000E+000  2.587682395365E-001  5.833489304374E-002  5.692295711347E-002
   1.000000000000E+000  2.076678842554E-001  0.000000000000E+000  2.076678842554E-001  1.048740327930E-001  4.865829828522E-002
