#                    1                    2                    3                    4                    5                    6
#               Time |      Random Number |   === cumu Prob ===>
#               [fs] |                 [] |                 [] |
   0.000000000000E+000  0.000000000000E+000  0.000000000000E+000  0.000000000000E+000  0.000000000000E+000  0.000000000000E+000
   5.000000000000E-001  5.900841402622E-001  7.883940265710E-007  7.883940265710E-007  7.883940265710E-007  7.883940265710E-007
   1.000000000000E+000  1.397962727969E-001  6.623177100376E-007  6.623177100376E-007  6.623177100376E-007  6.623177100376E-007
