
--------------------------------------- Analysis for time constant "k2" --------------------------------------

  Arithmetic analysis:            654.391425 +/-   295.908630
                                           ( +/-      45.22 %)

  Geometric analysis:             595.912254  +    332.215243  -    213.301658
                                           (  +       55.75 %  -       35.79 %)

  Minimum and maximum:            305.993874      and        1295.182599

  Histogram:
  ==========
                       #                 #     #                  | 4
                       #                 #     #                  | 3
                       #                 #     #                  | 3
                       #     #     #     #     #                  | 3
                       #     #     #     #     #                  | 2
                       #     #     #     #     #                  | 2
                       #     #     #     #     #     #            | 2
                       #     #     #     #     #     #            | 1
                       #     #     #     #     #     #            | 1
                       #     #     #     #     #     #            | 1
                       #     #     #     #     #     #            | 0
                       #     #     #     #     #     #            | 0
        |     |     |     |     |     |     |     |     |     |  
    157.7 205.8 268.4 350.2 456.8 595.9 777.4  1014  1322  1725

--------------------------------------- Analysis for time constant "k1" --------------------------------------

  Arithmetic analysis:           2961.272413 +/-  1417.937403
                                           ( +/-      47.88 %)

  Geometric analysis:            2662.207873  +   1610.074517  -   1003.293477
                                           (  +       60.48 %  -       37.69 %)

  Minimum and maximum:           1211.655315      and        6069.553907

  Histogram:
  ==========
                             #                 #                  | 5
                             #                 #                  | 4
                             #                 #                  | 4
                             #     #           #                  | 3
                             #     #           #                  | 3
                             #     #           #     #            | 2
                             #     #           #     #            | 2
                             #     #           #     #            | 2
                       #     #     #           #     #            | 1
                       #     #     #           #     #            | 1
                       #     #     #     #     #     #            | 0
                       #     #     #     #     #     #            | 0
        |     |     |     |     |     |     |     |     |     |  
    644.2 855.5  1136  1509  2004  2662  3535  4696  6237  8284

------------------------------------- Analysis for time constant "S1__0" -------------------------------------

  Arithmetic analysis:              0.956737 +/-     0.019559
                                           ( +/-       2.04 %)

  Geometric analysis:               0.956547  +      0.019747  -      0.019347
                                           (  +        2.06 %  -        2.02 %)

  Minimum and maximum:              0.925940      and           0.992472

  Histogram:
  ==========
                                         #                        | 5
                                         #                        | 4
                                         #                        | 4
                             #           #                        | 3
                             #           #                        | 3
                       #     #           #     #                  | 2
                       #     #           #     #                  | 2
                       #     #           #     #                  | 2
                       #     #     #     #     #     #            | 1
                       #     #     #     #     #     #            | 1
                       #     #     #     #     #     #     #      | 0
                       #     #     #     #     #     #     #      | 0
        |     |     |     |     |     |     |     |     |     |  
    0.900 0.911 0.922 0.933 0.945 0.957 0.968 0.980 0.992 1.005


Full data:

    Sample           k2           k1        S1__0 
         1   631.844123  2083.814002     0.936622 
         2   610.265101  1211.655315     0.934076 
         3   891.661496  4688.307837     0.943292 
         4   907.584637  3572.305263     0.992472 
         5   876.001189  3563.642228     0.973318 
         6   397.301259  1432.847248     0.952938 
         7   751.705715  3106.033038     0.967346 
         8   334.065468  1680.814096     0.943413 
         9   406.438082  1764.499238     0.925940 
        10   343.083771  3866.315477     0.948216 
        11  1295.182599  3649.900735     0.983758 
        12   547.600635  1652.828329     0.958622 
        13   592.297734  2105.394454     0.956902 
        14   305.993874  2004.084039     0.932655 
        15   451.562034  5198.255135     0.972492 
        16   687.882373  2349.170367     0.930210 
        17   918.438204  2497.146069     0.967445 
        18   343.982017  4943.490716     0.983892 
        19   522.385779  1785.390760     0.962502 
        20  1272.552406  6069.553907     0.968635 
