Step |       Run Time |    Key:   g.Mean       g.Stdv | ...
===========================================================
   4 | 0:00:07.547428 |     k2:   747.40 +/-   178.90 |     k1:  2550.06 +/-  2095.11 |  S1__0:     0.95 +/-     0.03 
   8 | 0:00:10.187496 |     k2:   637.48 +/-   294.33 |     k1:  2407.15 +/-  1538.43 |  S1__0:     0.96 +/-     0.02 
  12 | 0:00:13.022982 |     k2:   610.81 +/-   334.58 |     k1:  2448.33 +/-  1435.32 |  S1__0:     0.95 +/-     0.02 
  16 | 0:00:09.364723 |     k2:   577.21 +/-   300.29 |     k1:  2504.12 +/-  1401.90 |  S1__0:     0.95 +/-     0.02 
  20 | 0:00:15.659030 |     k2:   595.91 +/-   332.22 |     k1:  2662.21 +/-  1610.07 |  S1__0:     0.96 +/-     0.02 
