! 0 Basic information
states 4
nmstates 4
natom 4
npc 0
charges 0
! 1 Hamiltonian Matrix (4x4, complex)
4 4
-4.367951832788E+002  0.000000000000E+000  0.000000000000E+000  0.000000000000E+000  0.000000000000E+000  0.000000000000E+000  0.000000000000E+000  0.000000000000E+000 
 0.000000000000E+000  0.000000000000E+000 -4.367114608788E+002  0.000000000000E+000  0.000000000000E+000  0.000000000000E+000  0.000000000000E+000  0.000000000000E+000 
 0.000000000000E+000  0.000000000000E+000  0.000000000000E+000  0.000000000000E+000 -4.365431430788E+002  0.000000000000E+000  0.000000000000E+000  0.000000000000E+000 
 0.000000000000E+000  0.000000000000E+000  0.000000000000E+000  0.000000000000E+000  0.000000000000E+000  0.000000000000E+000 -4.365309844788E+002  0.000000000000E+000 

! 999 Notes
3    ! number of notes
! Notes Labels (3 strings)
D1 job 1
iterations job 1
%T2 job 1
! Notes (3, real)
! index 0 D1 job 1
0.0363
! index 1 iterations job 1
3
! index 2 %T2 job 1
['5.61', '4.10', '4.89']

! 8 Runtime
 2.000000000E+000
