! 0 Basic information
states 2
nmstates 2
natom 6
npc 0
charges 0
! 1 Hamiltonian Matrix (2x2, complex)
2 2
-3.292946655580E+002  0.000000000000E+000  0.000000000000E+000  0.000000000000E+000 
 0.000000000000E+000  0.000000000000E+000 -3.290881283580E+002  0.000000000000E+000 

! 2 Dipole Moment Matrices (3x2x2, complex)
2 2
 0.000000000000E+000  0.000000000000E+000 -4.149500000000E-004  0.000000000000E+000 
-4.149500000000E-004  0.000000000000E+000  0.000000000000E+000  0.000000000000E+000 
2 2
 0.000000000000E+000  0.000000000000E+000 -1.088562000000E-002  0.000000000000E+000 
-1.088562000000E-002  0.000000000000E+000  0.000000000000E+000  0.000000000000E+000 
2 2
 0.000000000000E+000  0.000000000000E+000  1.480849590000E+000  0.000000000000E+000 
 1.480849590000E+000  0.000000000000E+000  0.000000000000E+000  0.000000000000E+000 

! 3 Gradient Vectors (2x6x3, real)
6 3 ! m1 1 s1 1 ms1 0
 2.388956000000E-002  2.378840000000E-003 -3.945885000000E-002 
-1.678781000000E-002  1.184628000000E-004 -1.443112000000E-002 
-4.305159000000E-002 -1.864660000000E-004  3.092893000000E-002 
 2.338418000000E-002 -3.374578000000E-003  1.306424000000E-002 
-2.604757000000E-003  3.125246000000E-003 -3.205441000000E-003 
 1.517042000000E-002 -2.061505000000E-003  1.310224000000E-002 
6 3 ! m1 1 s1 2 ms1 0
 2.393972000000E-002  2.955412000000E-003  3.166450000000E-002 
-1.723507000000E-002  1.098224000000E-003 -8.454454000000E-002 
-4.175056000000E-002 -1.383247000000E-002  3.097910000000E-002 
 2.455363000000E-002  5.562022000000E-003  1.244878000000E-002 
-3.669655000000E-003 -6.634497000000E-003 -3.788119000000E-003 
 1.416194000000E-002  1.085130000000E-002  1.324028000000E-002 

! 21 Property Vectors
13    ! number of property vectors
! Property Vector Labels (13 strings)
Om
POSi
POSf
PR
CT
PRNTO
S_HE
Z_HE
RMSeh
Om_1_1
Om_1_2
Om_2_1
Om_2_2
! Property Vectors (13x2, real)
! 0 Om
 0.000000000000E+000
 9.510000000000E-001
! 1 POSi
 0.000000000000E+000
 1.447000000000E+000
! 2 POSf
 0.000000000000E+000
 1.681000000000E+000
! 3 PR
 0.000000000000E+000
 1.873000000000E+000
! 4 CT
 0.000000000000E+000
 5.150000000000E-001
! 5 PRNTO
 0.000000000000E+000
 1.099000000000E+000
! 6 S_HE
 0.000000000000E+000
 3.860000000000E-001
! 7 Z_HE
 0.000000000000E+000
 1.307000000000E+000
! 8 RMSeh
 0.000000000000E+000
 1.332000000000E+000
! 9 Om_1_1
 0.000000000000E+000
 1.693400000000E-001
! 10 Om_1_2
 0.000000000000E+000
 3.561700000000E-001
! 11 Om_2_1
 0.000000000000E+000
 1.338200000000E-001
! 12 Om_2_2
 0.000000000000E+000
 2.917300000000E-001

! 999 Notes
3    ! number of notes
! Notes Labels (3 strings)
D1 job 1
iterations job 1
%T2 job 1
! Notes (3, real)
! index 0 D1 job 1
0.0271
! index 1 iterations job 1
3
! index 2 %T2 job 1
['4.89']

! 8 Runtime
 1.200000000E+001
