Step |       Run Time |    Key:   g.Mean       g.Stdv | ...
===========================================================
   3 | 0:00:02.217472 
   4 | 0:00:00.138406 
   5 | 0:00:00.127099 
   6 | 0:00:00.134005 
   7 | 0:00:00.132794 
   8 | 0:00:00.131672 
   9 | 0:00:00.128023 
  10 | 0:00:00.128480 
  11 | 0:00:00.130671 
  12 | 0:00:00.129694 
  13 | 0:00:00.140202 
  14 | 0:00:00.130961 
  15 | 0:00:00.136977 
  16 | 0:00:00.128618 
  17 | 0:00:00.133458 
  18 | 0:00:00.130579 
  19 | 0:00:00.142881 
  20 | 0:00:00.128150 
